// Jest Snapshot v1, https://goo.gl/fbAQLP

exports[`Components/AppConfig renders without an error" 1`] = `
<div>
  <h2>
    Embrace Mobile
  </h2>
  <p>
    The Embrace Mobile App is a plugin for Grafana that gives teams an easy way to visualize Embrace dashboards using Embrace Metrics API data powered by Prometheus.
  </p>
  <p>
    Get out-of-the-box Embrace dashboards in minutes with our simple configuration. Enter your Embrace API Token below and click to Enable the Application.
  </p>
  <form>
    <label>
      Embrace API Token: Â 
      <input
        size="50"
        type="text"
        value=""
      />
    </label>
  </form>
  <div
    class="gf-form gf-form-button-row"
  >
    <button
      class="css-1sara2j-button"
      disabled=""
      type="button"
    >
      <span
        class="css-1mhnkuh"
      >
        Enable
      </span>
    </button>
  </div>
</div>
`;
